WARNING 10-01 23:45:07 [RL-Kernel]: Core binary extension (_C) unavailable: cannot import name '_C' from 'rl_engine' (/home/linux/timestep-official-astra-01a0f7ef/src/rl_engine/__init__.py). Falling back to native code.
{"backend": "cuda", "dtype": "fp32", "batch": 1, "seed": 386, "passed": true, "elapsed_seconds": 80.05280722500174}
{"backend": "cuda", "dtype": "fp32", "batch": 1, "seed": 9386, "passed": true, "elapsed_seconds": 0.27830839199305046}
{"backend": "cuda", "dtype": "fp32", "batch": 3, "seed": 386, "passed": true, "elapsed_seconds": 0.48028402899217326}
{"backend": "cuda", "dtype": "fp32", "batch": 3, "seed": 9386, "passed": true, "elapsed_seconds": 0.315271504005068}
{"backend": "cuda", "dtype": "fp32", "batch": 16, "seed": 386, "passed": true, "elapsed_seconds": 0.8827259320096346}
{"backend": "cuda", "dtype": "fp32", "batch": 16, "seed": 9386, "passed": false, "elapsed_seconds": 0.6061087619891623}
{"backend": "cuda", "dtype": "bf16", "batch": 1, "seed": 386, "passed": true, "elapsed_seconds": 0.4162943380069919}
{"backend": "cuda", "dtype": "bf16", "batch": 1, "seed": 9386, "passed": true, "elapsed_seconds": 0.25443425099365413}
{"backend": "cuda", "dtype": "bf16", "batch": 3, "seed": 386, "passed": true, "elapsed_seconds": 0.44871434799279086}
{"backend": "cuda", "dtype": "bf16", "batch": 3, "seed": 9386, "passed": true, "elapsed_seconds": 0.28299086399783846}
{"backend": "cuda", "dtype": "bf16", "batch": 16, "seed": 386, "passed": true, "elapsed_seconds": 0.7493215430004057}
{"backend": "cuda", "dtype": "bf16", "batch": 16, "seed": 9386, "passed": true, "elapsed_seconds": 0.45539739599917084}
{"backend": "triton", "dtype": "fp32", "batch": 1, "seed": 386, "passed": true, "elapsed_seconds": 4.690970309995464}
{"backend": "triton", "dtype": "fp32", "batch": 1, "seed": 9386, "passed": true, "elapsed_seconds": 0.3306617790076416}
{"backend": "triton", "dtype": "fp32", "batch": 3, "seed": 386, "passed": true, "elapsed_seconds": 4.073851856999681}
{"backend": "triton", "dtype": "fp32", "batch": 3, "seed": 9386, "passed": true, "elapsed_seconds": 0.3820183070056373}
{"backend": "triton", "dtype": "fp32", "batch": 16, "seed": 386, "passed": true, "elapsed_seconds": 3.891450214010547}
{"backend": "triton", "dtype": "fp32", "batch": 16, "seed": 9386, "passed": false, "elapsed_seconds": 0.6783559879986569}
{"backend": "triton", "dtype": "bf16", "batch": 1, "seed": 386, "passed": true, "elapsed_seconds": 0.5348767710092943}
{"backend": "triton", "dtype": "bf16", "batch": 1, "seed": 9386, "passed": true, "elapsed_seconds": 0.3083707059995504}
{"backend": "triton", "dtype": "bf16", "batch": 3, "seed": 386, "passed": true, "elapsed_seconds": 0.5414487160014687}
{"backend": "triton", "dtype": "bf16", "batch": 3, "seed": 9386, "passed": true, "elapsed_seconds": 0.3441917770105647}
{"backend": "triton", "dtype": "bf16", "batch": 16, "seed": 386, "passed": true, "elapsed_seconds": 1.0491396659926977}
{"backend": "triton", "dtype": "bf16", "batch": 16, "seed": 9386, "passed": true, "elapsed_seconds": 0.7057845079980325}
