WARNING 10-02 00:02:31 [RL-Kernel]: Core binary extension (_C) unavailable: cannot import name '_C' from 'rl_engine' (/home/linux/timestep-official-astra-01a0f7ef/src/rl_engine/__init__.py). Falling back to native code.
{"backend": "cuda", "dtype": "fp32", "batch": 1, "seed": 386, "passed": true, "elapsed_seconds": 2.979482388996985}
{"backend": "cuda", "dtype": "fp32", "batch": 1, "seed": 9386, "passed": true, "elapsed_seconds": 0.6263577680074377}
{"backend": "cuda", "dtype": "fp32", "batch": 3, "seed": 386, "passed": true, "elapsed_seconds": 1.1800792879948858}
{"backend": "cuda", "dtype": "fp32", "batch": 3, "seed": 9386, "passed": true, "elapsed_seconds": 0.9495847489888547}
{"backend": "cuda", "dtype": "fp32", "batch": 16, "seed": 386, "passed": true, "elapsed_seconds": 4.056958152999869}
{"backend": "cuda", "dtype": "fp32", "batch": 16, "seed": 9386, "passed": true, "elapsed_seconds": 3.644725442005438}
{"backend": "cuda", "dtype": "bf16", "batch": 1, "seed": 386, "passed": true, "elapsed_seconds": 0.6439081170101417}
{"backend": "cuda", "dtype": "bf16", "batch": 1, "seed": 9386, "passed": true, "elapsed_seconds": 0.4318400230113184}
{"backend": "cuda", "dtype": "bf16", "batch": 3, "seed": 386, "passed": true, "elapsed_seconds": 1.0517099520075135}
{"backend": "cuda", "dtype": "bf16", "batch": 3, "seed": 9386, "passed": true, "elapsed_seconds": 1.1470856230007485}
{"backend": "cuda", "dtype": "bf16", "batch": 16, "seed": 386, "passed": true, "elapsed_seconds": 4.473842046994832}
{"backend": "cuda", "dtype": "bf16", "batch": 16, "seed": 9386, "passed": true, "elapsed_seconds": 3.831218170002103}
{"backend": "triton", "dtype": "fp32", "batch": 1, "seed": 386, "passed": true, "elapsed_seconds": 1.2501322970056208}
{"backend": "triton", "dtype": "fp32", "batch": 1, "seed": 9386, "passed": true, "elapsed_seconds": 0.4152186350111151}
{"backend": "triton", "dtype": "fp32", "batch": 3, "seed": 386, "passed": true, "elapsed_seconds": 1.2213634149957215}
{"backend": "triton", "dtype": "fp32", "batch": 3, "seed": 9386, "passed": true, "elapsed_seconds": 0.9725106350088026}
{"backend": "triton", "dtype": "fp32", "batch": 16, "seed": 386, "passed": true, "elapsed_seconds": 4.770287845996791}
{"backend": "triton", "dtype": "fp32", "batch": 16, "seed": 9386, "passed": true, "elapsed_seconds": 4.6785517139942385}
{"backend": "triton", "dtype": "bf16", "batch": 1, "seed": 386, "passed": true, "elapsed_seconds": 0.5710503419977613}
{"backend": "triton", "dtype": "bf16", "batch": 1, "seed": 9386, "passed": true, "elapsed_seconds": 0.4455072970013134}
{"backend": "triton", "dtype": "bf16", "batch": 3, "seed": 386, "passed": true, "elapsed_seconds": 1.1687167530035367}
{"backend": "triton", "dtype": "bf16", "batch": 3, "seed": 9386, "passed": true, "elapsed_seconds": 0.9892388409934938}
{"backend": "triton", "dtype": "bf16", "batch": 16, "seed": 386, "passed": true, "elapsed_seconds": 5.454242471998441}
{"backend": "triton", "dtype": "bf16", "batch": 16, "seed": 9386, "passed": true, "elapsed_seconds": 5.337226984003792}
