WARNING 10-02 00:07:27 [RL-Kernel]: Core binary extension (_C) unavailable: cannot import name '_C' from 'rl_engine' (/home/linux/timestep-official-astra-01a0f7ef/src/rl_engine/__init__.py). Falling back to native code.
{"backend": "cuda", "dtype": "fp32", "batch": 1, "seed": 386, "passed": true, "elapsed_seconds": 3.3222609240037855}
{"backend": "cuda", "dtype": "fp32", "batch": 1, "seed": 9386, "passed": true, "elapsed_seconds": 0.7262699779967079}
{"backend": "cuda", "dtype": "fp32", "batch": 3, "seed": 386, "passed": true, "elapsed_seconds": 1.5606917580007575}
{"backend": "cuda", "dtype": "fp32", "batch": 3, "seed": 9386, "passed": true, "elapsed_seconds": 1.5409242789901327}
{"backend": "cuda", "dtype": "fp32", "batch": 16, "seed": 386, "passed": true, "elapsed_seconds": 5.711893200001214}
{"backend": "cuda", "dtype": "fp32", "batch": 16, "seed": 9386, "passed": true, "elapsed_seconds": 4.651638780007488}
{"backend": "cuda", "dtype": "bf16", "batch": 1, "seed": 386, "passed": true, "elapsed_seconds": 0.714781201997539}
{"backend": "cuda", "dtype": "bf16", "batch": 1, "seed": 9386, "passed": true, "elapsed_seconds": 0.6331863000086742}
{"backend": "cuda", "dtype": "bf16", "batch": 3, "seed": 386, "passed": true, "elapsed_seconds": 1.4878213110059733}
{"backend": "cuda", "dtype": "bf16", "batch": 3, "seed": 9386, "passed": true, "elapsed_seconds": 1.2535143489949405}
{"backend": "cuda", "dtype": "bf16", "batch": 16, "seed": 386, "passed": true, "elapsed_seconds": 6.233240793997538}
{"backend": "cuda", "dtype": "bf16", "batch": 16, "seed": 9386, "passed": true, "elapsed_seconds": 5.893240394012537}
{"backend": "triton", "dtype": "fp32", "batch": 1, "seed": 386, "passed": true, "elapsed_seconds": 1.7630240290018264}
{"backend": "triton", "dtype": "fp32", "batch": 1, "seed": 9386, "passed": true, "elapsed_seconds": 0.4784624040039489}
{"backend": "triton", "dtype": "fp32", "batch": 3, "seed": 386, "passed": true, "elapsed_seconds": 1.48937719600508}
{"backend": "triton", "dtype": "fp32", "batch": 3, "seed": 9386, "passed": true, "elapsed_seconds": 1.3123891680006636}
{"backend": "triton", "dtype": "fp32", "batch": 16, "seed": 386, "passed": true, "elapsed_seconds": 5.021140677010408}
{"backend": "triton", "dtype": "fp32", "batch": 16, "seed": 9386, "passed": true, "elapsed_seconds": 5.4098148419870995}
{"backend": "triton", "dtype": "bf16", "batch": 1, "seed": 386, "passed": true, "elapsed_seconds": 0.7291359619994182}
{"backend": "triton", "dtype": "bf16", "batch": 1, "seed": 9386, "passed": true, "elapsed_seconds": 0.6994148130033864}
{"backend": "triton", "dtype": "bf16", "batch": 3, "seed": 386, "passed": true, "elapsed_seconds": 1.7703418279998004}
{"backend": "triton", "dtype": "bf16", "batch": 3, "seed": 9386, "passed": true, "elapsed_seconds": 1.569377544001327}
{"backend": "triton", "dtype": "bf16", "batch": 16, "seed": 386, "passed": true, "elapsed_seconds": 7.371960151998792}
{"backend": "triton", "dtype": "bf16", "batch": 16, "seed": 9386, "passed": true, "elapsed_seconds": 6.4228594890009845}
